actionForm/Client_LoginMan.class
actionForm/Admin_Login.class
actionForm/Emp_Login.class
actionForm/Emp_AddClient.class
dao/IBank_Detail_DAO.class
daoImpl/Client_Login_DaoImpl.class
actionForm/Emp_AddTrans.class
daoImpl/Admin_AddEmp_DaoImpl.class
actionForm/Bank_Detail.class
actionClass/Bank_Detail_Action.class
actionClass/Admin_Login_Action.class
daoImpl/Emp_Login_DaoImpl.class
util/HibernateUtil.class
actionForm/Admin_ClientChPW.class
actionClass/Client_Login_Action.class
actionClass/Client_View_Action.class
daoImpl/Emp_AddClient_DaoImpl.class
actionForm/Admin_AddEmp.class
actionClass/Admin_ClientChPW_Action.class
daoImpl/Admin_Login_DaoImpl.class
actionClass/Admin_AddEmp_Action.class
daoImpl/Admin_ClientChPW_DaoImpl.class
actionForm/Admin_EmpChPW.class
actionClass/Admin_EmpChPW_Action.class
daoImpl/Bank_Detail_DaoImpl.class
daoImpl/Emp_AddTrans_DaoImpl.class
dao/ContactDao.class
actionForm/Client_View.class
actionForm/Client_Login.class
actionClass/Emp_AddTrans_Action.class
actionForm/Admin_LoginMan.class
actionForm/Emp_LoginMan.class
daoImpl/Admin_EmpChPW_DaoImpl.class
actionClass/Emp_Login_Action.class
daoImpl/Client_View_DaoImpl.class
actionClass/Emp_AddClient_Action.class
