/home/vsts/work/1/s/src/main/java/actionForm/Admin_EmpChPW.java
/home/vsts/work/1/s/src/main/java/actionClass/Emp_AddClient_Action.java
/home/vsts/work/1/s/src/main/java/actionForm/Emp_AddTrans.java
/home/vsts/work/1/s/src/main/java/actionClass/Admin_Login_Action.java
/home/vsts/work/1/s/src/main/java/actionClass/Emp_AddTrans_Action.java
/home/vsts/work/1/s/src/main/java/actionClass/Admin_AddEmp_Action.java
/home/vsts/work/1/s/src/main/java/daoImpl/Admin_ClientChPW_DaoImpl.java
/home/vsts/work/1/s/src/main/java/daoImpl/Emp_AddClient_DaoImpl.java
/home/vsts/work/1/s/src/main/java/actionForm/Client_LoginMan.java
/home/vsts/work/1/s/src/main/java/actionClass/Client_View_Action.java
/home/vsts/work/1/s/src/main/java/actionForm/Client_View.java
/home/vsts/work/1/s/src/main/java/actionClass/Client_Login_Action.java
/home/vsts/work/1/s/src/main/java/actionClass/Admin_EmpChPW_Action.java
/home/vsts/work/1/s/src/main/java/daoImpl/Bank_Detail_DaoImpl.java
/home/vsts/work/1/s/src/main/java/actionForm/Client_Login.java
/home/vsts/work/1/s/src/main/java/actionClass/Bank_Detail_Action.java
/home/vsts/work/1/s/src/main/java/actionClass/Emp_Login_Action.java
/home/vsts/work/1/s/src/main/java/actionForm/Emp_AddClient.java
/home/vsts/work/1/s/src/main/java/actionForm/Emp_Login.java
/home/vsts/work/1/s/src/main/java/daoImpl/Admin_AddEmp_DaoImpl.java
/home/vsts/work/1/s/src/main/java/daoImpl/Emp_Login_DaoImpl.java
/home/vsts/work/1/s/src/main/java/daoImpl/Admin_EmpChPW_DaoImpl.java
/home/vsts/work/1/s/src/main/java/daoImpl/Client_Login_DaoImpl.java
/home/vsts/work/1/s/src/main/java/actionForm/Admin_LoginMan.java
/home/vsts/work/1/s/src/main/java/actionClass/Admin_ClientChPW_Action.java
/home/vsts/work/1/s/src/main/java/dao/IBank_Detail_DAO.java
/home/vsts/work/1/s/src/main/java/dao/ContactDao.java
/home/vsts/work/1/s/src/main/java/daoImpl/Emp_AddTrans_DaoImpl.java
/home/vsts/work/1/s/src/main/java/daoImpl/Client_View_DaoImpl.java
/home/vsts/work/1/s/src/main/java/actionForm/Admin_ClientChPW.java
/home/vsts/work/1/s/src/main/java/actionForm/Admin_Login.java
/home/vsts/work/1/s/src/main/java/actionForm/Admin_AddEmp.java
/home/vsts/work/1/s/src/main/java/daoImpl/Admin_Login_DaoImpl.java
/home/vsts/work/1/s/src/main/java/actionForm/Emp_LoginMan.java
/home/vsts/work/1/s/src/main/java/util/HibernateUtil.java
/home/vsts/work/1/s/src/main/java/actionForm/Bank_Detail.java
