/home/vsts/work/1/s/src/test/java/actionForm/ActionFormSingleFileForAllTest.java
/home/vsts/work/1/s/src/test/java/actionClass/Client_Login_ActionTest.java
/home/vsts/work/1/s/src/test/java/actionClass/Client_View_ActionTest.java
/home/vsts/work/1/s/src/test/java/daoImpl/Admin_AddEmp_DaoImplTest.java
/home/vsts/work/1/s/src/test/java/daoImpl/Emp_AddTrans_DaoImplTest.java
/home/vsts/work/1/s/src/test/java/actionClass/Admin_Add_Emp_ActionTest.java
/home/vsts/work/1/s/src/test/java/daoImpl/Client_View_DaoImplTest.java
/home/vsts/work/1/s/src/test/java/daoImpl/Admin_EmpChPW_DaoImplTest.java
/home/vsts/work/1/s/src/test/java/actionClass/Admin_EmpChPW_ActionTest.java
/home/vsts/work/1/s/src/test/java/actionClass/Emp_Login_ActionTest.java
/home/vsts/work/1/s/src/test/java/actionClass/Bank_Detail_ActionTest.java
/home/vsts/work/1/s/src/test/java/daoImpl/Emp_Login_DaoImplTest.java
/home/vsts/work/1/s/src/test/java/daoImpl/Admin_ClientChPW_DaoImplTest.java
/home/vsts/work/1/s/src/test/java/actionClass/Emp_AddTrans_ActionTest.java
/home/vsts/work/1/s/src/test/java/actionClass/Admin_Login_ActionTest.java
/home/vsts/work/1/s/src/test/java/actionClass/Admin_ClientChPW_ActionTest.java
/home/vsts/work/1/s/src/test/java/daoImpl/Client_Login_DaoImplTest.java
/home/vsts/work/1/s/src/test/java/daoImpl/Bank_Detail_DaoImplTest.java
/home/vsts/work/1/s/src/test/java/daoImpl/Admin_Login_DaoImplTest.java
/home/vsts/work/1/s/src/test/java/daoImpl/Emp_AddClient_DaoImplTest.java
/home/vsts/work/1/s/src/test/java/actionClass/Emp_AddClientTest.java
